Tue Aug 18 23:10:17 2020       
+-----------------------------------------------------------------------------+
| NVIDIA-SMI 450.36.06    Driver Version: 450.36.06    CUDA Version: 11.0     |
|-------------------------------+----------------------+----------------------+
| GPU  Name        Persistence-M| Bus-Id        Disp.A | Volatile Uncorr. ECC |
| Fan  Temp  Perf  Pwr:Usage/Cap|         Memory-Usage | GPU-Util  Compute M. |
|                               |                      |               MIG M. |
|===============================+======================+======================|
|   0  GeForce GTX TIT...  Off  | 00000000:04:00.0 Off |                  N/A |
| 39%   82C    P2   205W / 250W |   2716MiB / 12212MiB |     80%      Default |
|                               |                      |                  N/A |
+-------------------------------+----------------------+----------------------+
|   1  GeForce GTX TIT...  Off  | 00000000:05:00.0 Off |                  N/A |
| 22%   27C    P8    15W / 250W |  11722MiB / 12212MiB |      0%      Default |
|                               |                      |                  N/A |
+-------------------------------+----------------------+----------------------+
|   2  GeForce GTX TIT...  Off  | 00000000:08:00.0 Off |                  N/A |
| 22%   60C    P2    99W / 250W |   2535MiB / 12212MiB |     89%      Default |
|                               |                      |                  N/A |
+-------------------------------+----------------------+----------------------+
|   3  GeForce GTX TIT...  Off  | 00000000:09:00.0 Off |                  N/A |
| 22%   60C    P2    91W / 250W |   1688MiB / 12212MiB |     88%      Default |
|                               |                      |                  N/A |
+-------------------------------+----------------------+----------------------+
|   4  GeForce GTX TIT...  Off  | 00000000:84:00.0 Off |                  N/A |
| 17%   34C    P0    68W / 250W |      0MiB / 12212MiB |      0%      Default |
|                               |                      |                  N/A |
+-------------------------------+----------------------+----------------------+
|   5  GeForce GTX TIT...  Off  | 00000000:85:00.0 Off |                  N/A |
| 34%   77C    P2   200W / 250W |  11731MiB / 12212MiB |    100%      Default |
|                               |                      |                  N/A |
+-------------------------------+----------------------+----------------------+
|   6  GeForce GTX TIT...  Off  | 00000000:88:00.0 Off |                  N/A |
| 30%   72C    P2   168W / 250W |   1148MiB / 12212MiB |     68%      Default |
|                               |                      |                  N/A |
+-------------------------------+----------------------+----------------------+
|   7  GeForce GTX TIT...  Off  | 00000000:89:00.0 Off |                  N/A |
| 32%   71C    P2   153W / 250W |   1148MiB / 12212MiB |     54%      Default |
|                               |                      |                  N/A |
+-------------------------------+----------------------+----------------------+
                                                                               
+-----------------------------------------------------------------------------+
| Processes:                                                                  |
|  GPU   GI   CI        PID   Type   Process name                  GPU Memory |
|        ID   ID                                                   Usage      |
|=============================================================================|
|    0   N/A  N/A     30843      C   ...pyt-1-4-pl-073/bin/python     2713MiB |
|    1   N/A  N/A      4641      C   ...nvs/torch_pose/bin/python    11719MiB |
|    2   N/A  N/A     12188      C   ...da3/envs/pyt15/bin/python      832MiB |
|    2   N/A  N/A     12189      C   ...da3/envs/pyt15/bin/python      407MiB |
|    2   N/A  N/A     20598      C   ...da3/envs/pyt15/bin/python      857MiB |
|    2   N/A  N/A     20599      C   ...da3/envs/pyt15/bin/python      427MiB |
|    3   N/A  N/A     12189      C   ...da3/envs/pyt15/bin/python      828MiB |
|    3   N/A  N/A     20599      C   ...da3/envs/pyt15/bin/python      854MiB |
|    5   N/A  N/A      3668      C   ...a3/envs/eval_2/bin/python    11728MiB |
|    6   N/A  N/A      1327      C   python                           1145MiB |
|    7   N/A  N/A      1238      C   python                           1145MiB |
+-----------------------------------------------------------------------------+
Running python script now
Loading model ...

Loading data ...


PSNR on test data 34.937914

SSIM on test data 0.903397
